// Jest Snapshot v1, https://goo.gl/fbAQLP

exports[`<TodoList /> mounting behaviour should match snapshot 1`] = `
<ul>
  <Todo
    completed={false}
    id={0}
    key="0"
    onClick={[Function]}
    text="Some text..."
  />
</ul>
`;
